R version 4.2.2 (2022-10-31 ucrt) -- "Innocent and Trusting"
Copyright (C) 2022 The R Foundation for Statistical Computing
Platform: x86_64-w64-mingw32/x64 (64-bit)

R is free software and comes with ABSOLUTELY NO WARRANTY.
You are welcome to redistribute it under certain conditions.
Type 'license()' or 'licence()' for distribution details.

R is a collaborative project with many contributors.
Type 'contributors()' for more information and
'citation()' on how to cite R or R packages in publications.

Type 'demo()' for some demos, 'help()' for on-line help, or
'help.start()' for an HTML browser interface to help.
Type 'q()' to quit R.

> data("ToothGrowth")
> View(ToothGrowth)
> install.packges('dplyr')
Error in install.packges("dplyr") : 
  could not find function "install.packges"
> install.packages("dplyr")
WARNING: Rtools is required to build R packages but is not currently installed. Please download and install the appropriate version of Rtools before proceeding:

https://cran.rstudio.com/bin/windows/Rtools/
Installing package into ‘C:/Users/yashh/AppData/Local/R/win-library/4.2’
(as ‘lib’ is unspecified)
also installing the dependencies ‘fansi’, ‘utf8’, ‘pkgconfig’, ‘withr’, ‘cli’, ‘generics’, ‘glue’, ‘lifecycle’, ‘magrittr’, ‘pillar’, ‘R6’, ‘rlang’, ‘tibble’, ‘tidyselect’, ‘vctrs’

trying URL 'https://cran.rstudio.com/bin/windows/contrib/4.2/fansi_1.0.4.zip'
Content type 'application/zip' length 312593 bytes (305 KB)
downloaded 305 KB

trying URL 'https://cran.rstudio.com/bin/windows/contrib/4.2/utf8_1.2.3.zip'
Content type 'application/zip' length 149959 bytes (146 KB)
downloaded 146 KB

trying URL 'https://cran.rstudio.com/bin/windows/contrib/4.2/pkgconfig_2.0.3.zip'
Content type 'application/zip' length 22381 bytes (21 KB)
downloaded 21 KB

trying URL 'https://cran.rstudio.com/bin/windows/contrib/4.2/withr_2.5.1.zip'
Content type 'application/zip' length 232279 bytes (226 KB)
downloaded 226 KB

trying URL 'https://cran.rstudio.com/bin/windows/contrib/4.2/cli_3.6.1.zip'
Content type 'application/zip' length 1332006 bytes (1.3 MB)
downloaded 1.3 MB

trying URL 'https://cran.rstudio.com/bin/windows/contrib/4.2/generics_0.1.3.zip'
Content type 'application/zip' length 80084 bytes (78 KB)
downloaded 78 KB

trying URL 'https://cran.rstudio.com/bin/windows/contrib/4.2/glue_1.6.2.zip'
Content type 'application/zip' length 161781 bytes (157 KB)
downloaded 157 KB

trying URL 'https://cran.rstudio.com/bin/windows/contrib/4.2/lifecycle_1.0.3.zip'
Content type 'application/zip' length 139200 bytes (135 KB)
downloaded 135 KB

trying URL 'https://cran.rstudio.com/bin/windows/contrib/4.2/magrittr_2.0.3.zip'
Content type 'application/zip' length 226705 bytes (221 KB)
downloaded 221 KB

trying URL 'https://cran.rstudio.com/bin/windows/contrib/4.2/pillar_1.9.0.zip'
Content type 'application/zip' length 658791 bytes (643 KB)
downloaded 643 KB

trying URL 'https://cran.rstudio.com/bin/windows/contrib/4.2/R6_2.5.1.zip'
Content type 'application/zip' length 84288 bytes (82 KB)
downloaded 82 KB

trying URL 'https://cran.rstudio.com/bin/windows/contrib/4.2/rlang_1.1.1.zip'
Content type 'application/zip' length 1571432 bytes (1.5 MB)
downloaded 1.5 MB

trying URL 'https://cran.rstudio.com/bin/windows/contrib/4.2/tibble_3.2.1.zip'
Content type 'application/zip' length 690179 bytes (674 KB)
downloaded 674 KB

trying URL 'https://cran.rstudio.com/bin/windows/contrib/4.2/tidyselect_1.2.0.zip'
Content type 'application/zip' length 224247 bytes (218 KB)
downloaded 218 KB

trying URL 'https://cran.rstudio.com/bin/windows/contrib/4.2/vctrs_0.6.3.zip'
Content type 'application/zip' length 1338061 bytes (1.3 MB)
downloaded 1.3 MB

trying URL 'https://cran.rstudio.com/bin/windows/contrib/4.2/dplyr_1.1.3.zip'
Content type 'application/zip' length 1556268 bytes (1.5 MB)
downloaded 1.5 MB

package ‘fansi’ successfully unpacked and MD5 sums checked
package ‘utf8’ successfully unpacked and MD5 sums checked
package ‘pkgconfig’ successfully unpacked and MD5 sums checked
package ‘withr’ successfully unpacked and MD5 sums checked
package ‘cli’ successfully unpacked and MD5 sums checked
package ‘generics’ successfully unpacked and MD5 sums checked
package ‘glue’ successfully unpacked and MD5 sums checked
package ‘lifecycle’ successfully unpacked and MD5 sums checked
package ‘magrittr’ successfully unpacked and MD5 sums checked
package ‘pillar’ successfully unpacked and MD5 sums checked
package ‘R6’ successfully unpacked and MD5 sums checked
package ‘rlang’ successfully unpacked and MD5 sums checked
package ‘tibble’ successfully unpacked and MD5 sums checked
package ‘tidyselect’ successfully unpacked and MD5 sums checked
package ‘vctrs’ successfully unpacked and MD5 sums checked
package ‘dplyr’ successfully unpacked and MD5 sums checked

The downloaded binary packages are in
	C:\Users\yashh\AppData\Local\Temp\Rtmp4o0vsb\downloaded_packages
> library(dplyr)

Attaching package: ‘dplyr’

The following objects are masked from ‘package:stats’:

    filter, lag

The following objects are masked from ‘package:base’:

    intersect, setdiff, setequal, union

Warning message:
package ‘dplyr’ was built under R version 4.2.3 
> View(filtered_tg)
Error in View : object 'filtered_tg' not found
> View(filtered_tg)
Error in View : object 'filtered_tg' not found
> filtered_tg <- filter(ToothGrowth,dose==0.5)
> View(filtered_tg)
> 
> arrange(filtered_tg,len)
    len supp dose
1   4.2   VC  0.5
2   5.2   VC  0.5
3   5.8   VC  0.5
4   6.4   VC  0.5
5   7.0   VC  0.5
6   7.3   VC  0.5
7   8.2   OJ  0.5
8   9.4   OJ  0.5
9   9.7   OJ  0.5
10  9.7   OJ  0.5
11 10.0   VC  0.5
12 10.0   OJ  0.5
13 11.2   VC  0.5
14 11.2   VC  0.5
15 11.5   VC  0.5
16 14.5   OJ  0.5
17 15.2   OJ  0.5
18 16.5   OJ  0.5
19 17.6   OJ  0.5
20 21.5   OJ  0.5
> arrange(filter(ToothGrowth,dose==0.5),len)
    len supp dose
1   4.2   VC  0.5
2   5.2   VC  0.5
3   5.8   VC  0.5
4   6.4   VC  0.5
5   7.0   VC  0.5
6   7.3   VC  0.5
7   8.2   OJ  0.5
8   9.4   OJ  0.5
9   9.7   OJ  0.5
10  9.7   OJ  0.5
11 10.0   VC  0.5
12 10.0   OJ  0.5
13 11.2   VC  0.5
14 11.2   VC  0.5
15 11.5   VC  0.5
16 14.5   OJ  0.5
17 15.2   OJ  0.5
18 16.5   OJ  0.5
19 17.6   OJ  0.5
20 21.5   OJ  0.5
> 
> arrange(filter(ToothGrowth,dose==0.5),len)
    len supp dose
1   4.2   VC  0.5
2   5.2   VC  0.5
3   5.8   VC  0.5
4   6.4   VC  0.5
5   7.0   VC  0.5
6   7.3   VC  0.5
7   8.2   OJ  0.5
8   9.4   OJ  0.5
9   9.7   OJ  0.5
10  9.7   OJ  0.5
11 10.0   VC  0.5
12 10.0   OJ  0.5
13 11.2   VC  0.5
14 11.2   VC  0.5
15 11.5   VC  0.5
16 14.5   OJ  0.5
17 15.2   OJ  0.5
18 16.5   OJ  0.5
19 17.6   OJ  0.5
20 21.5   OJ  0.5
> 
> filtered_toothgrowth <- ToothGrowth %>%
+     filter(dose==0.5) %>%
+     arrange(len)
> 
> View(filtered_toothgrowth)
> filtered_toothgrowth <- ToothGrowth %>%
+   filter(dose==0.5) %>%
+   group_by(supp) %>%
+   summarize(mean_len = mean(len, na.rm = T),.group = "drop")
> filtered_toothgrowth <- ToothGrowth %>%
+     filter(dose==0.5) %>%
+     group_by(supp) %>%
+     summarize(mean_len = mean(len, na.rm = T),.group = "drop")
> filtered_toothgrowth
# A tibble: 2 × 3
  supp  mean_len .group
  <fct>    <dbl> <chr> 
1 OJ       13.2  drop  
2 VC        7.98 drop 